nohup: ignoring input
calculate.py loaded
Current working directory: /home/hasselgren/simulatability-quantum-algorithms-time-evolution
Starting main process...
Starting TE-PAI simulation...

Starting generation phase...

[GENERATION 1] Starting with parameters:
{
    "numQs": 25,
    "\u0394": 10,
    "T": 1,
    "dT": 0.1,
    "N": 1000,
    "circuit_pool_size": 1,
    "Hamiltonian": "2D"
}
[25, 10, 1, 0.1, 1000, 1, '2D']
The number of qubit:25
Number of terms in the Hamiltonian:175
[Info] Wrote /home/hasselgren/simulatability-quantum-algorithms-time-evolution/TE-PAI-noSampling/2D_data/circuits/N-1000-n-1-p-1-Δ-pi_over_1024-q-25-dT-0.1-T-1/hamil_meta-N-1000-n-1-p-1-Δ-pi_over_1024-T-1-q-25.csv
Generating 1 circuits with TE-PAI...
calculate.py loaded
Current working directory: /home/hasselgren/simulatability-quantum-algorithms-time-evolution
calculate.py loaded
Current working directory: /home/hasselgren/simulatability-quantum-algorithms-time-evolution
calculate.py loaded
Current working directory: /home/hasselgren/simulatability-quantum-algorithms-time-evolution
Processing chunk 1/1...
calculate.py loaded
Current working directory: /home/hasselgren/simulatability-quantum-algorithms-time-evolution
calculate.py loaded
Current working directory: /home/hasselgren/simulatability-quantum-algorithms-time-evolution
calculate.py loaded
Current working directory: /home/hasselgren/simulatability-quantum-algorithms-time-evolution
calculate.py loaded
Current working directory: /home/hasselgren/simulatability-quantum-algorithms-time-evolution
Launching 4 worker processes for chunk 1...
Processing circuit 1 in chunk 1...
Sign list successfully saved to /home/hasselgren/simulatability-quantum-algorithms-time-evolution/TE-PAI-noSampling/2D_data/circuits/N-1000-n-1-p-1-Δ-pi_over_1024-q-25-dT-0.1-T-1/sign_list1-N-1000-n-1-p-1-Δ-pi_over_1024-T-1-q-25.json
Cleanup complete.
[GENERATION 1] Finished.

Starting simulation phase...

[SIMULATION 1] Simulating for path: TE-PAI-noSampling/2D_data/circuits/N-1000-n-1-p-1000-Δ-pi_over_1024-q-25-dT-0.1-T-1.0
Traceback (most recent call last):
  File "/home/hasselgren/simulatability-quantum-algorithms-time-evolution/TE-PAI-noSampling/calculations.py", line 31, in JSONtoDict
    files = os.listdir(folder_name)
            ^^^^^^^^^^^^^^^^^^^^^^^
FileNotFoundError: [Errno 2] No such file or directory: 'TE-PAI-noSampling/2D_data/circuits/N-1000-n-1-p-1000-Δ-pi_over_1024-q-25-dT-0.1-T-1'

During handling of the above exception, another exception occurred:

Traceback (most recent call last):
  File "/home/hasselgren/simulatability-quantum-algorithms-time-evolution/TE-PAI-noSampling/calculations.py", line 43, in JSONtoDict
    files = os.listdir(folder_name+".0")
            ^^^^^^^^^^^^^^^^^^^^^^^^^^^^
FileNotFoundError: [Errno 2] No such file or directory: 'TE-PAI-noSampling/2D_data/circuits/N-1000-n-1-p-1000-Δ-pi_over_1024-q-25-dT-0.1-T-1.0'

During handling of the above exception, another exception occurred:

Traceback (most recent call last):
  File "/home/hasselgren/simulatability-quantum-algorithms-time-evolution/TE-PAI-noSampling/calculate.py", line 141, in <module>
    main()
  File "/home/hasselgren/simulatability-quantum-algorithms-time-evolution/TE-PAI-noSampling/calculate.py", line 70, in main
    costs = parse(
            ^^^^^^
  File "/home/hasselgren/simulatability-quantum-algorithms-time-evolution/TE-PAI-noSampling/calculations.py", line 187, in parse
    data_dict = JSONtoDict(folder)
                ^^^^^^^^^^^^^^^^^^
  File "/home/hasselgren/simulatability-quantum-algorithms-time-evolution/TE-PAI-noSampling/calculations.py", line 46, in JSONtoDict
    raise FileNotFoundError(f"'{folder_name}' could not be found.")
FileNotFoundError: 'TE-PAI-noSampling/2D_data/circuits/N-1000-n-1-p-1000-Δ-pi_over_1024-q-25-dT-0.1-T-1' could not be found.
